('False', None) (None, False)
('False', None) (None, False)
('False', None) (None, False)
('False', None) (None, False)
('False', None) (None, False)
('False', None) (None, False)
('False', None) (None, False)
('False', None) (None, False)
('False', None) (None, False)
('False', None) (None, False)
('False', None) (None, False)
('False', None) (None, False)
('True', 'remote') ('TELECOMMUTE', True)
('True', 'remote') ('TELECOMMUTE', True)
('True', 'remote') ('TELECOMMUTE', True)
('True', 'remote') ('TELECOMMUTE', True)
('True', 'remote') ('TELECOMMUTE', True)
('True', 'remote') ('TELECOMMUTE', True)
('True', 'remote') ('TELECOMMUTE', True)
('True', 'remote') ('TELECOMMUTE', True)
('True', 'remote') ('TELECOMMUTE', True)
('True', 'remote') ('TELECOMMUTE', True)
('True', 'remote') ('TELECOMMUTE', True)
('True', 'remote') ('TELECOMMUTE', True)
('False', 'remote') (None, False)
('False', 'remote') (None, False)
('False', 'remote') (None, False)
('False', 'remote') (None, False)
('False', 'remote') (None, False)
('False', 'remote') ('nold', None)
('False', 'remote') (None, False)
('False', 'remote') (None, False)
('False', 'remote') (None, False)
('False', 'remote') (None, False)
('False', 'remote') (None, False)
('False', 'remote') (None, False)
('True', 'remote-location') ('TELECOMMUTE', True)
('True', 'remote-location') ('TELECOMMUTE', True)
('True', 'remote-location') ('TELECOMMUTE', True)
('True', 'remote-location') ('TELECOMMUTE', True)
('True', 'remote-location') ('TELECOMMUTE', True)
('True', 'remote-location') ('TELECOMMUTE', True)
('True', 'remote-location') ('TELECOMMUTE', True)
('True', 'remote-location') ('TELECOMMUTE', True)
('True', 'remote-location') ('TELECOMMUTE', True)
('True', 'remote-location') ('TELECOMMUTE', True)
('True', 'remote-location') ('TELECOMMUTE', True)
('True', 'remote-location') ('TELECOMMUTE', True)
('None', None) (None, False)
('None', None) (None, False)
('None', None) (None, False)
('None', None) (None, False)
('None', None) (None, False)
('None', None) (None, False)
('None', None) (None, False)
('None', None) (None, False)
('None', None) (None, False)
('None', None) (None, False)
('None', None) (None, False)
('None', None) (None, False)
('True', 'hybrid') ('nold', None)
('True', 'hybrid') ('TELECOMMUTE', True)
('True', 'hybrid') ('TELECOMMUTE', True)
('True', 'hybrid') ('TELECOMMUTE', True)
('True', 'hybrid') ('TELECOMMUTE', True)
('True', 'hybrid') ('TELECOMMUTE', True)
('True', 'hybrid') ('TELECOMMUTE', True)
('True', 'hybrid') ('TELECOMMUTE', True)
('True', 'hybrid') ('TELECOMMUTE', True)
('True', 'hybrid') ('TELECOMMUTE', True)
('True', 'hybrid') ('TELECOMMUTE', True)
('True', 'hybrid') ('TELECOMMUTE', True)
('True', None) ('TELECOMMUTE', True)
('True', None) ('nold', None)
('True', None) ('TELECOMMUTE', True)
('True', None) ('TELECOMMUTE', True)
('True', None) ('TELECOMMUTE', True)
('True', None) ('TELECOMMUTE', True)
('True', None) ('TELECOMMUTE', True)
('True', None) ('TELECOMMUTE', True)
('True', None) ('TELECOMMUTE', True)
('True', None) ('TELECOMMUTE', True)
('True', None) ('TELECOMMUTE', True)
('True', None) ('TELECOMMUTE', True)
('False', 'hybrid') (None, False)
('False', 'hybrid') (None, False)
('False', 'hybrid') (None, False)
('False', 'hybrid') (None, False)
('False', 'hybrid') (None, False)
('False', 'hybrid') (None, False)
('False', 'hybrid') (None, False)
('False', 'hybrid') (None, False)
('False', 'hybrid') (None, False)
('False', 'hybrid') (None, False)
('False', 'hybrid') (None, False)
('False', 'hybrid') (None, False)
('False', 'remote-location') (None, False)
('False', 'remote-location') (None, False)
('False', 'remote-location') (None, False)
('False', 'remote-location') (None, False)
('False', 'remote-location') ('nold', None)
('False', 'remote-location') ('nold', None)
('False', 'remote-location') (None, False)
('False', 'remote-location') (None, False)
('False', 'remote-location') (None, False)
('False', 'remote-location') (None, False)
('False', 'remote-location') (None, False)
('False', 'remote-location') (None, False)
('False', None) {'(None, False)': 12}
('True', 'remote') {"('TELECOMMUTE', True)": 12}
('False', 'remote') {'(None, False)': 11, "('nold', None)": 1}
('True', 'remote-location') {"('TELECOMMUTE', True)": 12}
('None', None) {'(None, False)': 12}
('True', 'hybrid') {"('nold', None)": 1, "('TELECOMMUTE', True)": 11}
('True', None) {"('TELECOMMUTE', True)": 11, "('nold', None)": 1}
('False', 'hybrid') {'(None, False)': 12}
('False', 'remote-location') {'(None, False)': 10, "('nold', None)": 2}
